// Jest Snapshot v1, https://goo.gl/fbAQLP

exports[`Login Component - LocalLens matches the Login snapshot 1`] = `
<div>
  <div
    class="container d-flex justify-content-center align-items-center"
    style="min-height: 80vh;"
  >
    <div
      class="text-center"
    >
      <h1
        class="landingTitle"
      >
        Local Lens
      </h1>
      <button
        class="btn btn-danger px-4 py-2 mt-3"
      >
        Get started
      </button>
    </div>
  </div>
</div>
`;
